// Jest Snapshot v1, https://goo.gl/fbAQLP

exports[`Testing al cliente El cliente es Jorvict 1`] = `
{
  "balance": 500,
  "nombre": "Jorvict Enrique",
  "tipo": "Premium",
}
`;
